2015-16 Regular Season: 1230 games
2015-16 Regular Season: done, 0 failed []
2015-16 Playoffs: 86 games
2015-16 Playoffs: done, 0 failed []
2014-15 Regular Season: 1230 games
2014-15 Regular Season: done, 0 failed []
2014-15 Playoffs: 81 games
2014-15 Playoffs: done, 0 failed []
2013-14 Regular Season: 1230 games
2013-14 Regular Season: done, 0 failed []
2013-14 Playoffs: 89 games
2013-14 Playoffs: done, 0 failed []
2012-13 Regular Season: 1229 games
2012-13 Regular Season: done, 0 failed []
2012-13 Playoffs: 85 games
2012-13 Playoffs: done, 0 failed []
2011-12 Regular Season: 990 games
2011-12 Regular Season: done, 0 failed []
2011-12 Playoffs: 84 games
2011-12 Playoffs: done, 0 failed []
2010-11 Regular Season: 1230 games
2010-11 Regular Season: done, 0 failed []
2010-11 Playoffs: 81 games
2010-11 Playoffs: done, 0 failed []
2009-10 Regular Season: 1230 games
2009-10 Regular Season: done, 0 failed []
2009-10 Playoffs: 82 games
2009-10 Playoffs: done, 0 failed []
2008-09 Regular Season: 1230 games
2008-09 Regular Season: done, 0 failed []
2008-09 Playoffs: 85 games
2008-09 Playoffs: done, 0 failed []
2007-08 Regular Season: 1230 games
2007-08 Regular Season: done, 0 failed []
2007-08 Playoffs: 86 games
2007-08 Playoffs: done, 0 failed []
2006-07 Regular Season: 1230 games
2006-07 Regular Season: done, 0 failed []
2006-07 Playoffs: 79 games
2006-07 Playoffs: done, 0 failed []
2005-06 Regular Season: 1230 games
2005-06 Regular Season: done, 0 failed []
2005-06 Playoffs: 89 games
2005-06 Playoffs: done, 0 failed []
2004-05 Regular Season: 1230 games
2004-05 Regular Season: done, 0 failed []
2004-05 Playoffs: 84 games
2004-05 Playoffs: done, 0 failed []
2003-04 Regular Season: 1189 games
2003-04 Regular Season: done, 0 failed []
2003-04 Playoffs: 82 games
2003-04 Playoffs: done, 0 failed []
2002-03 Regular Season: 1189 games
2002-03 Regular Season: done, 0 failed []
2002-03 Playoffs: 88 games
2002-03 Playoffs: done, 0 failed []
2001-02 Regular Season: 1189 games
2001-02 Regular Season: done, 0 failed []
2001-02 Playoffs: 71 games
2001-02 Playoffs: done, 0 failed []
2000-01 Regular Season: 1189 games
2000-01 Regular Season: done, 0 failed []
2000-01 Playoffs: 71 games
2000-01 Playoffs: done, 0 failed []
1999-00 Regular Season: 1189 games
1999-00 Regular Season: done, 0 failed []
1999-00 Playoffs: 75 games
1999-00 Playoffs: done, 0 failed []
1998-99 Regular Season: 725 games
1998-99 Regular Season: done, 0 failed []
1998-99 Playoffs: 66 games
1998-99 Playoffs: done, 0 failed []
1997-98 Regular Season: 1189 games
1997-98 Regular Season: done, 0 failed []
1997-98 Playoffs: 71 games
1997-98 Playoffs: done, 0 failed []
1996-97 Regular Season: 1189 games
1996-97 Regular Season: done, 0 failed []
1996-97 Playoffs: 72 games
1996-97 Playoffs: done, 0 failed []
retry pass finished Thu Oct  1 15:33:59 EDT 2026
