2021-22: coaches done
2022-23: coaches done
2023-24: coaches done
2024-25: coaches done
2021-22: play types done
2022-23: play types done
2023-24: play types done
2024-25: play types done
2021-22: 1230 games
  0/1230
  100/1230
  attempt 1 failed: list index out of range
  attempt 2 failed: list index out of range
  attempt 3 failed: list index out of range
  attempt 4 failed: list index out of range
  200/1230
  300/1230
  400/1230
  500/1230
  600/1230
  700/1230
  800/1230
  900/1230
  1000/1230
  1100/1230
  1200/1230
2021-22: matchups done, 1 failed ['0022100132']
2022-23: 1230 games
  0/1230
  100/1230
