2016-17: coaches done
2017-18: coaches done
2018-19: coaches done
2019-20: coaches done
2020-21: coaches done
2021-22: coaches done
2022-23: coaches done
2023-24: coaches done
2024-25: coaches done
2025-26: coaches done
2016-17: play types done
2017-18: play types done
2018-19: play types done
2019-20: play types done
2020-21: play types done
2021-22: play types done
2022-23: play types done
2023-24: play types done
2024-25: play types done
2025-26: play types done
2016-17: no matchup data before 2017-18, skipped
2017-18 Regular Season: 1230 games
  0/1230
  attempt 1 failed: list index out of range
  attempt 2 failed: list index out of range
  attempt 3 failed: list index out of range
  attempt 4 failed: list index out of range
  attempt 1 failed: HTTPSConnectionPool(host='stats.nba.com', port=443): Read timed out. (read timeout=30)
2016-17: coaches done
2017-18: coaches done
  attempt 1 failed: HTTPSConnectionPool(host='stats.nba.com', port=443): Read timed out. (read timeout=30)
  attempt 2 failed: HTTPSConnectionPool(host='stats.nba.com', port=443): Read timed out. (read timeout=30)
  attempt 3 failed: HTTPSConnectionPool(host='stats.nba.com', port=443): Read timed out. (read timeout=30)
2016-17: coaches done
2017-18: coaches done
2018-19: coaches done
2019-20: coaches done
2020-21: coaches done
2021-22: coaches done
2022-23: coaches done
2023-24: coaches done
2024-25: coaches done
2025-26: coaches done
2016-17: play types done
2017-18: play types done
2018-19: play types done
2019-20: play types done
2020-21: play types done
2021-22: play types done
2022-23: play types done
2023-24: play types done
2024-25: play types done
2025-26: play types done
2016-17: no matchup data before 2017-18, skipped
2017-18 Regular Season: 1230 games
  100/1230
  200/1230
  300/1230
  400/1230
  attempt 1 failed: ('Connection aborted.', ConnectionResetError(54, 'Connection reset by peer'))
  500/1230
  600/1230
  700/1230
  800/1230
  900/1230
  1000/1230
  1100/1230
  1200/1230
2017-18 Regular Season: matchups done, 8 failed ['0021700067', '0021700088', '0021700230', '0021700365', '0021700366', '0021700376', '0021700431', '0021700614']
2017-18 Playoffs: 82 games
  0/82
2017-18 Playoffs: matchups done, 0 failed []
2018-19 Regular Season: 1230 games
  0/1230
  100/1230
  200/1230
  300/1230
  400/1230
  500/1230
  600/1230
  700/1230
  800/1230
  900/1230
  1000/1230
  1100/1230
  1200/1230
2018-19 Regular Season: matchups done, 7 failed ['0021800014', '0021800218', '0021800418', '0021800429', '0021800665', '0021800678', '0021800911']
2018-19 Playoffs: 82 games
  0/82
2018-19 Playoffs: matchups done, 0 failed []
2019-20 Regular Season: 1059 games
  0/1059
  100/1059
  200/1059
  300/1059
  400/1059
  500/1059
  600/1059
  700/1059
  800/1059
  attempt 1 failed: ('Connection aborted.', OSError(65, 'No route to host'))
  900/1059
  1000/1059
2019-20 Regular Season: matchups done, 4 failed ['0021900369', '0021900380', '0021900669', '0021900792']
2019-20 Playoffs: 83 games
  0/83
2019-20 Playoffs: matchups done, 0 failed []
2020-21 Regular Season: 1080 games
  0/1080
  100/1080
# second downloader, newest seasons first
2025-26: coaches done
2024-25: coaches done
2023-24: coaches done
2022-23: coaches done
  attempt 1 failed: HTTPSConnectionPool(host='stats.nba.com', port=443): Read timed out. (read timeout=30)
  attempt 2 failed: HTTPSConnectionPool(host='stats.nba.com', port=443): Read timed out. (read timeout=30)
  200/1080
  300/1080
  400/1080
  500/1080
  600/1080
  700/1080
  800/1080
  900/1080
  1000/1080
2020-21 Regular Season: matchups done, 0 failed []
2020-21 Playoffs: 85 games
  0/85
2020-21 Playoffs: matchups done, 0 failed []
2021-22 Regular Season: 1230 games
2021-22 Regular Season: matchups done, 1 failed ['0022100132']
2021-22 Playoffs: 87 games
  0/87
2021-22 Playoffs: matchups done, 0 failed []
2022-23 Regular Season: 1230 games
2022-23 Regular Season: matchups done, 0 failed []
2022-23 Playoffs: 84 games
  0/84
2022-23 Playoffs: matchups done, 0 failed []
2023-24 Regular Season: 1230 games
2023-24 Regular Season: matchups done, 2 failed ['0022300383', '0022301230']
2023-24 Playoffs: 82 games
  0/82
2023-24 Playoffs: matchups done, 0 failed []
2024-25 Regular Season: 1230 games
2024-25 Regular Season: matchups done, 1 failed ['0022400856']
2024-25 Playoffs: 84 games
  0/84
2024-25 Playoffs: matchups done, 0 failed []
2025-26 Regular Season: 1230 games
2025-26 Regular Season: matchups done, 0 failed []
2025-26 Playoffs: 85 games
  0/85
2025-26 Playoffs: matchups done, 0 failed []
2016-17: rosters done
2017-18: rosters done
2018-19: rosters done
2019-20: rosters done
2020-21: rosters done
2021-22: rosters done
2022-23: rosters done
2023-24: rosters done
2024-25: rosters done
2025-26: rosters done
