2021-22: coaches done
2022-23: coaches done
2023-24: coaches done
2024-25: coaches done
2021-22: play types done
2022-23: play types done
2023-24: play types done
2024-25: play types done
2021-22: 1230 games
  0/1230
  100/1230
  attempt 1 failed: list index out of range
  attempt 2 failed: list index out of range
  attempt 3 failed: list index out of range
  attempt 4 failed: list index out of range
  200/1230
  300/1230
  400/1230
  500/1230
  600/1230
  700/1230
  800/1230
  900/1230
  1000/1230
  1100/1230
  1200/1230
2021-22: matchups done, 1 failed ['0022100132']
2022-23: 1230 games
  0/1230
  100/1230
  200/1230
  300/1230
  400/1230
  500/1230
  attempt 1 failed: HTTPSConnectionPool(host='stats.nba.com', port=443): Read timed out. (read timeout=30)
  attempt 1 failed: HTTPSConnectionPool(host='stats.nba.com', port=443): Read timed out. (read timeout=30)
  attempt 2 failed: HTTPSConnectionPool(host='stats.nba.com', port=443): Max retries exceeded with url: /stats/boxscorematchupsv3?GameID=0022200596 (Caused by NameResolutionError("HTTPSConnection(host='stats.nba.com', port=443): Failed to resolve 'stats.nba.com' ([Errno 8] nodename nor servname provided, or not known)"))
  attempt 3 failed: HTTPSConnectionPool(host='stats.nba.com', port=443): Max retries exceeded with url: /stats/boxscorematchupsv3?GameID=0022200596 (Caused by NameResolutionError("HTTPSConnection(host='stats.nba.com', port=443): Failed to resolve 'stats.nba.com' ([Errno 8] nodename nor servname provided, or not known)"))
  attempt 4 failed: HTTPSConnectionPool(host='stats.nba.com', port=443): Max retries exceeded with url: /stats/boxscorematchupsv3?GameID=0022200596 (Caused by NameResolutionError("HTTPSConnection(host='stats.nba.com', port=443): Failed to resolve 'stats.nba.com' ([Errno 8] nodename nor servname provided, or not known)"))
  attempt 1 failed: HTTPSConnectionPool(host='stats.nba.com', port=443): Max retries exceeded with url: /stats/boxscorematchupsv3?GameID=0022200597 (Caused by NameResolutionError("HTTPSConnection(host='stats.nba.com', port=443): Failed to resolve 'stats.nba.com' ([Errno 8] nodename nor servname provided, or not known)"))
  attempt 2 failed: HTTPSConnectionPool(host='stats.nba.com', port=443): Max retries exceeded with url: /stats/boxscorematchupsv3?GameID=0022200597 (Caused by NameResolutionError("HTTPSConnection(host='stats.nba.com', port=443): Failed to resolve 'stats.nba.com' ([Errno 8] nodename nor servname provided, or not known)"))
  attempt 3 failed: HTTPSConnectionPool(host='stats.nba.com', port=443): Max retries exceeded with url: /stats/boxscorematchupsv3?GameID=0022200597 (Caused by NameResolutionError("HTTPSConnection(host='stats.nba.com', port=443): Failed to resolve 'stats.nba.com' ([Errno 8] nodename nor servname provided, or not known)"))
  600/1230
  attempt 1 failed: ('Connection aborted.', ConnectionResetError(54, 'Connection reset by peer'))
  attempt 1 failed: ('Connection aborted.', ConnectionResetError(54, 'Connection reset by peer'))
  700/1230
  attempt 1 failed: ('Connection aborted.', ConnectionResetError(54, 'Connection reset by peer'))
  800/1230
  900/1230
  1000/1230
  attempt 1 failed: ('Connection aborted.', ConnectionResetError(54, 'Connection reset by peer'))
  1100/1230
  1200/1230
2022-23: matchups done, 1 failed ['0022200596']
2023-24: 1230 games
  0/1230
  100/1230
  200/1230
  300/1230
  attempt 1 failed: list index out of range
  attempt 2 failed: list index out of range
  attempt 3 failed: list index out of range
  attempt 4 failed: list index out of range
  400/1230
  500/1230
  600/1230
  attempt 1 failed: HTTPSConnectionPool(host='stats.nba.com', port=443): Read timed out. (read timeout=30)
  700/1230
  800/1230
  900/1230
  1000/1230
  1100/1230
  attempt 1 failed: ('Connection aborted.', TimeoutError(60, 'Operation timed out'))
  1200/1230
  attempt 1 failed: list index out of range
  attempt 2 failed: list index out of range
  attempt 3 failed: list index out of range
  attempt 4 failed: list index out of range
2023-24: matchups done, 2 failed ['0022300383', '0022301230']
2024-25: 1230 games
  0/1230
  100/1230
  200/1230
  300/1230
  400/1230
  500/1230
  600/1230
  700/1230
  800/1230
  attempt 1 failed: list index out of range
  attempt 2 failed: list index out of range
  attempt 3 failed: list index out of range
  attempt 4 failed: list index out of range
  900/1230
  1000/1230
  1100/1230
  1200/1230
2024-25: matchups done, 1 failed ['0022400856']
